Launching lib\main.dart on ASUS I005DA in debug mode...
Running Gradle task 'assembleDebug'...                          
flutter : /C:/Users/user/AppData/Local/Pub/Cache/hosted/pub.dev/camerawesome-2.
0.1/lib/src/widgets/filters/awesome_filter_selector.dart:3:1: Error: 'CarouselC
ontroller' is imported from both 'package:carousel_slider/carousel_controller.d
art' and 'package:flutter/src/material/carousel.dart'.
位於 線路:1 字元:1
+ flutter run -d "ASUS I005DA" 2>&1 | tee build_output.txt | grep -E "E ...
+ ~~~~~~~~~~~~~~~~~~~~~~~~~~~~~~~~~
    + CategoryInfo          : NotSpecified: (/C:/Users/user/...carousel.dart'. 
   :String) [], RemoteException
    + FullyQualifiedErrorId : NativeCommandError
 
import 'package:flutter/material.dart';
^^^^^^^^^^^^^^^^^^
/C:/Users/user/AppData/Local/Pub/Cache/hosted/pub.dev/camerawesome-2.0.1/lib/sr
c/widgets/filters/awesome_filter_selector.dart:27:42: Error: 'CarouselControlle
r' is imported from both 'package:carousel_slider/carousel_controller.dart' and
 'package:flutter/src/material/carousel.dart'.
  final CarouselController _controller = CarouselController();
                                         ^^^^^^^^^^^^^^^^^^
/C:/Users/user/AppData/Local/Pub/Cache/hosted/pub.dev/carousel_slider-4.2.1/lib
/carousel_slider.dart:9:1: Error: 'CarouselController' is imported from both 'p
ackage:carousel_slider/carousel_controller.dart' and 'package:flutter/src/mater
ial/carousel.dart'.
import 'carousel_controller.dart';
^^^^^^^^^^^^^^^^^^
/C:/Users/user/AppData/Local/Pub/Cache/hosted/pub.dev/carousel_slider-4.2.1/lib
/carousel_slider.dart:48:15: Error: 'CarouselController' is imported from both 
'package:carousel_slider/carousel_controller.dart' and 'package:flutter/src/mat
erial/carousel.dart'.
            : CarouselController() as CarouselControllerImpl,
              ^^^^^^^^^^^^^^^^^^
/C:/Users/user/AppData/Local/Pub/Cache/hosted/pub.dev/carousel_slider-4.2.1/lib
/carousel_slider.dart:62:15: Error: 'CarouselController' is imported from both 
'package:carousel_slider/carousel_controller.dart' and 'package:flutter/src/mat
erial/carousel.dart'.
            : CarouselController() as CarouselControllerImpl,
              ^^^^^^^^^^^^^^^^^^
Target kernel_snapshot_program failed: Exception


FAILURE: Build failed with an exception.

* What went wrong:
Execution failed for task ':app:compileFlutterBuildDebug'.
> Process 'command 'D:\flutter\bin\flutter.bat'' finished with non-zero exit va
lue 1

* Try:
> Run with --stacktrace option to get the stack trace.
> Run with --info or --debug option to get more log output.
> Run with --scan to get full insights.
> Get more help at https://help.gradle.org.

BUILD FAILED in 17s
Running Gradle task 'assembleDebug'...                             18.2s
Error: Gradle task assembleDebug failed with exit code 1
